reach over 5 seeds at 3000 steps  (maxR / r90)
species              form                   21         7940        15859        23778        31697
Cathedral Fern       abc            9.2/  5.2    8.3/  4.6    8.6/  4.2   11.6/  5.7    8.1/  4.9 
Cathedral Fern       columbine     14.7/  6.1   14.4/  9.1   13.8/  9.8   19.0/  7.2   14.0/  9.6 
Cathedral Fern       daisy         21.6/  6.2   20.2/ 11.5   20.2/  9.3   23.1/  9.8   20.9/ 16.1 
Cathedral Fern       double         8.8/  5.1    7.9/  4.1    8.4/  4.3   11.4/  4.6    8.0/  4.6 
Spiral Ossuary       abc            9.3/  5.8    6.2/  3.5    7.6/  4.2    7.0/  3.8    6.8/  3.0 
Spiral Ossuary       columbine     12.5/  9.2   12.6/  5.2   14.4/  9.5    6.8/  3.6   10.0/  4.6 
Spiral Ossuary       daisy         20.6/ 16.8   18.1/ 10.4   21.3/ 14.0   10.8/  3.9   15.7/ 10.7 
Spiral Ossuary       double         9.3/  5.8    6.4/  4.0    7.9/  5.7    6.9/  4.3    6.7/  2.9 
Abyssal Frond        abc           10.7/  8.5   12.8/  4.9   10.0/  4.8   12.3/  5.9    8.9/  5.6 
Abyssal Frond        columbine     15.3/  8.0   22.5/ 10.0   20.3/ 11.9   19.8/ 10.9   24.7/ 14.8 
Abyssal Frond        daisy         22.1/  7.5   28.0/ 12.4   27.6/ 12.8   27.6/ 15.8   31.1/ 19.8 
Abyssal Frond        double        11.0/  9.2   13.2/  5.0    9.9/  4.8   12.3/  5.7    8.9/  5.6 
Sun Coral            abc            7.0/  4.1    5.2/  2.7    6.2/  3.4    6.6/  3.5    5.9/  3.4 
Sun Coral            columbine      9.3/  5.2   19.3/  3.5   15.4/  7.0    9.2/  3.9    9.7/  6.2 
Sun Coral            daisy         12.9/  6.0   24.9/  4.8   19.7/  8.9   13.5/  5.6   13.8/  7.6 
Sun Coral            double         7.1/  4.0    5.2/  2.6    6.2/  3.7    6.8/  3.7    5.8/  3.2 
Hoarfrost Thicket    abc            5.7/  3.8    4.3/  2.2    5.4/  2.5    5.1/  2.7    4.8/  3.0 
Hoarfrost Thicket    columbine      7.7/  4.8    6.6/  3.0    8.7/  3.1    6.0/  3.2    7.7/  4.9 
Hoarfrost Thicket    daisy          9.8/  6.5    9.9/  3.9   14.0/  5.0    8.4/  3.5   11.7/  7.9 
Hoarfrost Thicket    double         5.7/  3.9    4.2/  2.1    5.2/  2.4    5.1/  2.8    4.8/  2.7 
Ember Creeper        abc           10.4/  7.5   24.4/  9.5   23.0/ 12.1   11.1/  6.8   21.6/ 12.1 
Ember Creeper        columbine      7.4/  6.2   41.4/ 12.9   40.9/ 20.4   31.9/  6.0   65.9/ 16.0 
Ember Creeper        daisy          8.1/  6.6   44.8/  3.7   48.3/ 16.4   21.2/  7.3   70.9/ 18.6 
Ember Creeper        double        10.3/  7.3   24.5/  9.5   23.2/ 12.2   11.0/  6.6   21.8/ 12.3 
Sulphur Rosette      abc            3.4/  1.9    3.6/  2.8    3.4/  1.7    3.7/  1.5    3.5/  1.9 
Sulphur Rosette      columbine      3.4/  1.4    3.6/  2.7    3.4/  1.4    3.6/  1.4    3.5/  1.4 
Sulphur Rosette      daisy          3.4/  1.9    3.6/  2.7    3.3/  2.2    3.4/  2.4    3.4/  2.1 
Sulphur Rosette      double         3.4/  1.2    3.6/  2.8    3.3/  1.2    3.6/  1.2    3.4/  1.3 
Nightglass Parasol   abc           10.6/  5.7   10.1/  5.8   10.9/  5.4   10.3/  6.5    9.6/  5.3 
Nightglass Parasol   columbine      9.9/  4.6    9.5/  3.5    9.8/  4.1    9.7/  5.5    9.5/  5.0 
Nightglass Parasol   daisy          9.5/  3.8    9.3/  3.2    9.4/  3.7    9.7/  3.7    8.9/  3.6 
Nightglass Parasol   double        10.6/  5.9   10.1/  6.0   10.9/  5.8   10.3/  6.6    9.6/  5.7 

over 160 cells:
  maxR  p10 3.6  med 9.7  p75 14.4  p90 23.2  max 70.9
  r90   p10 2.2  med 5.0  p75 7.5  p90 12.1  max 20.4
